✓ Completed: BRK.B

Waiting 3 seconds before next company...
✓ Completed: JPM

Waiting 3 seconds before next company...
✓ Completed: LLY

Waiting 3 seconds before next company...
✓ Completed: V

Waiting 3 seconds before next company...
✓ Completed: XOM

Waiting 3 seconds before next company...
✓ Completed: NFLX

Waiting 3 seconds before next company...
✓ Completed: JNJ

Waiting 3 seconds before next company...
✓ Completed: MA

Waiting 3 seconds before next company...
✓ Completed: WMT

Waiting 3 seconds before next company...
✓ Completed: ORCL

Waiting 3 seconds before next company...
✓ Completed: PLTR

Waiting 3 seconds before next company...
